22:01:53 grouped_iid: fitting on 95,983 natural resolved cases
22:03:07 grouped_iid: results saved; converged in 162 iterations
22:03:08 temporal: fitting on 108,611 natural resolved cases
22:03:58 temporal: results saved; converged in 183 iterations
22:03:59 ood_exposure: fitting on 94,992 natural resolved cases
22:04:31 ood_exposure: results saved; converged in 148 iterations
Traceback (most recent call last):
  File "C:\Users\jkashyap\miniconda3\Lib\site-packages\pandas\compat\_optional.py", line 135, in import_optional_dependency
    module = importlib.import_module(name)
             ^^^^^^^^^^^^^^^^^^^^^^^^^^^^^
  File "C:\Users\jkashyap\miniconda3\Lib\importlib\__init__.py", line 90, in import_module
    return _bootstrap._gcd_import(name[level:], package, level)
           ^^^^^^^^^^^^^^^^^^^^^^^^^^^^^^^^^^^^^^^^^^^^^^^^^^^^
  File "<frozen importlib._bootstrap>", line 1387, in _gcd_import
  File "<frozen importlib._bootstrap>", line 1360, in _find_and_load
  File "<frozen importlib._bootstrap>", line 1324, in _find_and_load_unlocked
ModuleNotFoundError: No module named 'tabulate'

During handling of the above exception, another exception occurred:

Traceback (most recent call last):
  File "C:\Users\jkashyap\Desktop\Paper2\safety_mismatch_revision\run_safety_mismatch.py", line 86, in <module>
    if __name__=='__main__': main()
                             ^^^^^^
  File "C:\Users\jkashyap\Desktop\Paper2\safety_mismatch_revision\run_safety_mismatch.py", line 83, in main
    report='# Mismatch-feature safety sensitivity\n\nPost-review analysis. Added only inv_po_abs_rel_diff and inv_gr_abs_rel_diff to the original natural-only safety model. Original splits, logistic regression, and isotonic calibration are preserved. Original artifacts remain unchanged.\n\n'+pd.DataFrame(metrics).to_markdown(index=False)+'\n\nPaired AUROC differences (mismatch minus original):\n\n'+pd.DataFrame(cis).to_markdown(index=False)+'\n\nGate increment at fixed score threshold 0.95 and delta 0.05:\n\n'+pd.DataFrame(gates).query("family == 'ALL_RESOLVED' and threshold == .95").to_markdown(index=False)+'\n\nLimits: gate results are score-filter diagnostics, not a rerun of RCSE expected-loss/GATHER policies. Synthetic cases are evaluation-only NOT_SAFE under the existing robustness convention; natural ambiguous cases are excluded. Gate can lower unsafe counts by lowering coverage; this is not a matched-coverage comparison. Existing intervention families are not an independent gate stress test. Natural-only training cannot establish robustness to previously unseen corruption. Bootstrap captures held-out sampling, not training variability.\n'
                                                                                                                                                                                                                                                                                                     ^^^^^^^^^^^^^^^^^^^^^^^^^^^^^^^^^^^^^^^^^^^^^^
  File "C:\Users\jkashyap\miniconda3\Lib\site-packages\pandas\util\_decorators.py", line 333, in wrapper
    return func(*args, **kwargs)
           ^^^^^^^^^^^^^^^^^^^^^
  File "C:\Users\jkashyap\miniconda3\Lib\site-packages\pandas\core\frame.py", line 2983, in to_markdown
    tabulate = import_optional_dependency("tabulate")
               ^^^^^^^^^^^^^^^^^^^^^^^^^^^^^^^^^^^^^^
  File "C:\Users\jkashyap\miniconda3\Lib\site-packages\pandas\compat\_optional.py", line 138, in import_optional_dependency
    raise ImportError(msg)
ImportError: Missing optional dependency 'tabulate'.  Use pip or conda to install tabulate.
